   1              		.cpu cortex-m3
   2              		.eabi_attribute 20, 1
   3              		.eabi_attribute 21, 1
   4              		.eabi_attribute 23, 3
   5              		.eabi_attribute 24, 1
   6              		.eabi_attribute 25, 1
   7              		.eabi_attribute 26, 1
   8              		.eabi_attribute 30, 1
   9              		.eabi_attribute 34, 1
  10              		.eabi_attribute 18, 4
  11              		.file	"_exit.c"
  12              		.text
  13              	.Ltext0:
  14              		.cfi_sections	.debug_frame
  15              		.section	.text._exit,"ax",%progbits
  16              		.align	1
  17              		.weak	_exit
  18              		.syntax unified
  19              		.thumb
  20              		.thumb_func
  21              		.fpu softvfp
  23              	_exit:
  24              	.LFB0:
  25              		.file 1 "../system/src/newlib/_exit.c"
   1:../system/src/newlib/_exit.c **** /*
   2:../system/src/newlib/_exit.c ****  * This file is part of the µOS++ distribution.
   3:../system/src/newlib/_exit.c ****  *   (https://github.com/micro-os-plus)
   4:../system/src/newlib/_exit.c ****  * Copyright (c) 2014 Liviu Ionescu.
   5:../system/src/newlib/_exit.c ****  *
   6:../system/src/newlib/_exit.c ****  * Permission is hereby granted, free of charge, to any person
   7:../system/src/newlib/_exit.c ****  * obtaining a copy of this software and associated documentation
   8:../system/src/newlib/_exit.c ****  * files (the "Software"), to deal in the Software without
   9:../system/src/newlib/_exit.c ****  * restriction, including without limitation the rights to use,
  10:../system/src/newlib/_exit.c ****  * copy, modify, merge, publish, distribute, sublicense, and/or
  11:../system/src/newlib/_exit.c ****  * sell copies of the Software, and to permit persons to whom
  12:../system/src/newlib/_exit.c ****  * the Software is furnished to do so, subject to the following
  13:../system/src/newlib/_exit.c ****  * conditions:
  14:../system/src/newlib/_exit.c ****  *
  15:../system/src/newlib/_exit.c ****  * The above copyright notice and this permission notice shall be
  16:../system/src/newlib/_exit.c ****  * included in all copies or substantial portions of the Software.
  17:../system/src/newlib/_exit.c ****  *
  18:../system/src/newlib/_exit.c ****  * THE SOFTWARE IS PROVIDED "AS IS", WITHOUT WARRANTY OF ANY KIND,
  19:../system/src/newlib/_exit.c ****  * EXPRESS OR IMPLIED, INCLUDING BUT NOT LIMITED TO THE WARRANTIES
  20:../system/src/newlib/_exit.c ****  * OF MERCHANTABILITY, FITNESS FOR A PARTICULAR PURPOSE AND
  21:../system/src/newlib/_exit.c ****  * NONINFRINGEMENT. IN NO EVENT SHALL THE AUTHORS OR COPYRIGHT
  22:../system/src/newlib/_exit.c ****  * HOLDERS BE LIABLE FOR ANY CLAIM, DAMAGES OR OTHER LIABILITY,
  23:../system/src/newlib/_exit.c ****  * WHETHER IN AN ACTION OF CONTRACT, TORT OR OTHERWISE, ARISING
  24:../system/src/newlib/_exit.c ****  * FROM, OUT OF OR IN CONNECTION WITH THE SOFTWARE OR THE USE OR
  25:../system/src/newlib/_exit.c ****  * OTHER DEALINGS IN THE SOFTWARE.
  26:../system/src/newlib/_exit.c ****  */
  27:../system/src/newlib/_exit.c **** 
  28:../system/src/newlib/_exit.c **** // ----------------------------------------------------------------------------
  29:../system/src/newlib/_exit.c **** 
  30:../system/src/newlib/_exit.c **** #include <stdlib.h>
  31:../system/src/newlib/_exit.c **** #include "diag/Trace.h"
  32:../system/src/newlib/_exit.c **** 
  33:../system/src/newlib/_exit.c **** // ----------------------------------------------------------------------------
  34:../system/src/newlib/_exit.c **** 
  35:../system/src/newlib/_exit.c **** #if !defined(DEBUG)
  36:../system/src/newlib/_exit.c **** extern void
  37:../system/src/newlib/_exit.c **** __attribute__((noreturn))
  38:../system/src/newlib/_exit.c **** __reset_hardware(void);
  39:../system/src/newlib/_exit.c **** #endif
  40:../system/src/newlib/_exit.c **** 
  41:../system/src/newlib/_exit.c **** // ----------------------------------------------------------------------------
  42:../system/src/newlib/_exit.c **** 
  43:../system/src/newlib/_exit.c **** // Forward declaration
  44:../system/src/newlib/_exit.c **** 
  45:../system/src/newlib/_exit.c **** void
  46:../system/src/newlib/_exit.c **** _exit(int code);
  47:../system/src/newlib/_exit.c **** 
  48:../system/src/newlib/_exit.c **** // ----------------------------------------------------------------------------
  49:../system/src/newlib/_exit.c **** 
  50:../system/src/newlib/_exit.c **** // On Release, call the hardware reset procedure.
  51:../system/src/newlib/_exit.c **** // On Debug we just enter an infinite loop, to be used as landmark when halting
  52:../system/src/newlib/_exit.c **** // the debugger.
  53:../system/src/newlib/_exit.c **** //
  54:../system/src/newlib/_exit.c **** // It can be redefined in the application, if more functionality
  55:../system/src/newlib/_exit.c **** // is required.
  56:../system/src/newlib/_exit.c **** 
  57:../system/src/newlib/_exit.c **** void
  58:../system/src/newlib/_exit.c **** __attribute__((weak))
  59:../system/src/newlib/_exit.c **** _exit(int code __attribute__((unused)))
  60:../system/src/newlib/_exit.c **** {
  26              		.loc 1 60 0
  27              		.cfi_startproc
  28              		@ Volatile: function does not return.
  29              		@ args = 0, pretend = 0, frame = 0
  30              		@ frame_needed = 0, uses_anonymous_args = 0
  31              		@ link register save eliminated.
  32              	.LVL0:
  33              	.L2:
  34 0000 FEE7     		b	.L2
  35              		.cfi_endproc
  36              	.LFE0:
  38              		.section	.text.abort,"ax",%progbits
  39              		.align	1
  40              		.weak	abort
  41              		.syntax unified
  42              		.thumb
  43              		.thumb_func
  44              		.fpu softvfp
  46              	abort:
  47              	.LFB1:
  61:../system/src/newlib/_exit.c **** #if !defined(DEBUG)
  62:../system/src/newlib/_exit.c ****   __reset_hardware();
  63:../system/src/newlib/_exit.c **** #endif
  64:../system/src/newlib/_exit.c **** 
  65:../system/src/newlib/_exit.c ****   // TODO: write on trace
  66:../system/src/newlib/_exit.c ****   while (1)
  67:../system/src/newlib/_exit.c ****     ;
  68:../system/src/newlib/_exit.c **** }
  69:../system/src/newlib/_exit.c **** 
  70:../system/src/newlib/_exit.c **** // ----------------------------------------------------------------------------
  71:../system/src/newlib/_exit.c **** 
  72:../system/src/newlib/_exit.c **** void
  73:../system/src/newlib/_exit.c **** __attribute__((weak,noreturn))
  74:../system/src/newlib/_exit.c **** abort(void)
  75:../system/src/newlib/_exit.c **** {
  48              		.loc 1 75 0
  49              		.cfi_startproc
  50              		@ Volatile: function does not return.
  51              		@ args = 0, pretend = 0, frame = 0
  52              		@ frame_needed = 0, uses_anonymous_args = 0
  53              		.loc 1 75 0
  54 0000 08B5     		push	{r3, lr}
  55              		.cfi_def_cfa_offset 8
  56              		.cfi_offset 3, -8
  57              		.cfi_offset 14, -4
  76:../system/src/newlib/_exit.c ****   trace_puts("abort(), exiting...");
  58              		.loc 1 76 0
  59 0002 0348     		ldr	r0, .L5
  60 0004 FFF7FEFF 		bl	trace_puts
  61              	.LVL1:
  77:../system/src/newlib/_exit.c **** 
  78:../system/src/newlib/_exit.c ****   _exit(1);
  62              		.loc 1 78 0
  63 0008 0120     		movs	r0, #1
  64 000a FFF7FEFF 		bl	_exit
  65              	.LVL2:
  66              	.L6:
  67 000e 00BF     		.align	2
  68              	.L5:
  69 0010 00000000 		.word	.LC0
  70              		.cfi_endproc
  71              	.LFE1:
  73              		.section	.rodata.abort.str1.4,"aMS",%progbits,1
  74              		.align	2
  75              	.LC0:
  76 0000 61626F72 		.ascii	"abort(), exiting...\000"
  76      7428292C 
  76      20657869 
  76      74696E67 
  76      2E2E2E00 
  77              		.text
  78              	.Letext0:
  79              		.file 2 "c:\\avr_arm\\winarm\\armgcc\\arm-none-eabi\\include\\sys\\lock.h"
  80              		.file 3 "c:\\avr_arm\\winarm\\armgcc\\arm-none-eabi\\include\\sys\\_types.h"
  81              		.file 4 "c:\\avr_arm\\winarm\\armgcc\\lib\\gcc\\arm-none-eabi\\7.2.1\\include\\stddef.h"
  82              		.file 5 "c:\\avr_arm\\winarm\\armgcc\\arm-none-eabi\\include\\sys\\reent.h"
  83              		.file 6 "c:\\avr_arm\\winarm\\armgcc\\arm-none-eabi\\include\\stdlib.h"
  84              		.file 7 "c:\\avr_arm\\winarm\\armgcc\\arm-none-eabi\\include\\sys\\unistd.h"
  85              		.file 8 "../system/include/diag/Trace.h"
DEFINED SYMBOLS
                            *ABS*:00000000 _exit.c
C:\Users\george\AppData\Local\Temp\ccqq5vJh.s:16     .text._exit:00000000 $t
C:\Users\george\AppData\Local\Temp\ccqq5vJh.s:23     .text._exit:00000000 _exit
C:\Users\george\AppData\Local\Temp\ccqq5vJh.s:39     .text.abort:00000000 $t
C:\Users\george\AppData\Local\Temp\ccqq5vJh.s:46     .text.abort:00000000 abort
C:\Users\george\AppData\Local\Temp\ccqq5vJh.s:69     .text.abort:00000010 $d
C:\Users\george\AppData\Local\Temp\ccqq5vJh.s:74     .rodata.abort.str1.4:00000000 $d
                           .group:00000000 wm4.0.c450a18b2a29049e2cbb4137d58ca9b1
                           .group:00000000 wm4.ieeefp.h.77.49bcce8a603f3d93a95080d6a3573782
                           .group:00000000 wm4._newlib_version.h.4.3572908597b70d672d181fc7fc501c19
                           .group:00000000 wm4.newlib.h.21.64e14ed41172bf448383d50cbb14725e
                           .group:00000000 wm4.features.h.22.5cdadbb3efe495d1c9e38350b8c376c7
                           .group:00000000 wm4.config.h.220.6cac6a9685cfce5e83c17784171638d9
                           .group:00000000 wm4._ansi.h.23.9f8fcfa20193763fcf364fb91705c94b
                           .group:00000000 wm4.stdlib.h.13.4ed386f5c1a80d71e72172885d946ef2
                           .group:00000000 wm4.stddef.h.187.e1c83cba2098ce92b68f6311de19e6b1
                           .group:00000000 wm4.stddef.h.39.57db33e786ccd422e31be63a26e19309
                           .group:00000000 wm4._default_types.h.6.959254cf5f09734ea7516c89e8bb21bd
                           .group:00000000 wm4.lock.h.2.1461d1fff82dffe8bfddc23307f6484f
                           .group:00000000 wm4._types.h.125.5cf8a495f1f7ef36777ad868a1e32068
                           .group:00000000 wm4.stddef.h.161.5349cb105733e8777bfb0cf53c4e3f34
                           .group:00000000 wm4._types.h.184.7120b8bb2e0149e2359704f4e2251b68
                           .group:00000000 wm4.reent.h.17.87376802c2b370b32a762f0a30482d9e
                           .group:00000000 wm4.cdefs.h.47.d5f52c0838d768c139d665d47892271a
                           .group:00000000 wm4.alloca.h.8.dfc0c703c47ec3e69746825b17d9e66d
                           .group:00000000 wm4.stdlib.h.56.d4493cd3736e51e9d56335045f26df45
                           .group:00000000 wm4.unistd.h.2.39165d5b7784d1815ef4b0c4be6df560
                           .group:00000000 wm4.types.h.40.e8c16e7ec36ba55f133d0616070e25fc
                           .group:00000000 wm4.stddef.h.161.19e15733342b50ead2919490b095303e
                           .group:00000000 wm4._stdint.h.10.c24fa3af3bc1706662bb5593a907e841
                           .group:00000000 wm4._endian.h.31.65a10590763c3dde1ac4a7f66d7d4891
                           .group:00000000 wm4.endian.h.9.49f3a4695c1b61e8a0808de3c4a106cb
                           .group:00000000 wm4._timeval.h.30.0e8bfd94e85db17dda3286ee81496fe6
                           .group:00000000 wm4.timespec.h.41.d855182eb0e690443ab8651bcedca6e1
                           .group:00000000 wm4.select.h.30.bbece7fa40993a78092dcc5805132560
                           .group:00000000 wm4.types.h.69.ed3eae3cf73030a737515151ebcab7a1
                           .group:00000000 wm4.sched.h.22.c60982713a5c428609783c78f9c78d95
                           .group:00000000 wm4._pthreadtypes.h.36.fcee9961c35163dde6267ef772ad1972
                           .group:00000000 wm4.unistd.h.156.9a9035c10111809e94aa612639fe2ed9

UNDEFINED SYMBOLS
trace_puts
